// Jest Snapshot v1, https://goo.gl/fbAQLP

exports[`App Rating List Unit Testing should render correctly 1`] = `
<View
  style={
    Object {
      "flexDirection": "row",
      "height": 149,
      "marginTop": 22.5,
    }
  }
  testID="app-rating-list"
>
  <View
    style={
      Object {
        "alignItems": "center",
        "backgroundColor": "#1C2541",
        "flex": 0.33333,
        "justifyContent": "center",
      }
    }
  >
    <Text
      style={
        Object {
          "color": "#FDB541",
          "fontFamily": "Montserrat-Bold",
          "fontSize": 21,
        }
      }
    >
      IMDB
    </Text>
    <Text
      style={
        Object {
          "color": "#C3CAD2",
          "fontFamily": "Montserrat-Medium",
          "fontSize": 21,
          "marginTop": 15,
        }
      }
    >
      9
    </Text>
  </View>
</View>
`;
